Found 10 images: ['1762855565.872631734.jpg', '1762855565.921029269.jpg', '1762855565.972605328.jpg', '1762855566.021016281.jpg', '1762855566.073298770.jpg', '1762855566.124771408.jpg', '1762855566.173263736.jpg', '1762855566.224694374.jpg', '1762855566.272455769.jpg', '1762855566.324585838.jpg']
Resolution: 1600x1200 (native, NOT the model's 518x392 crop/resize)

[00] 1762855565.872631734.jpg -> 1762855565.921029269.jpg
  MAD=14.535  SSIM=0.6035  hist_corr=0.9705  edge_change_ratio=0.9075
  %changed_px: t=15:22.39%, t=25:15.80%, t=40:10.63%
  change centroid (x,y, normalized 0-1)=(0.414,0.451)  spread=(0.261,0.251)
  grid % changed (threshold=25):
     30.5  13.1   1.2   0.0
     38.1  45.1  37.1  22.3
      1.6   4.0   6.2   5.8
     16.3  15.4  11.4   4.5

[01] 1762855565.921029269.jpg -> 1762855565.972605328.jpg
  MAD=12.951  SSIM=0.6048  hist_corr=0.9973  edge_change_ratio=0.8998
  %changed_px: t=15:20.90%, t=25:14.02%, t=40:8.97%
  change centroid (x,y, normalized 0-1)=(0.479,0.487)  spread=(0.266,0.257)
  grid % changed (threshold=25):
     16.1  12.2   1.3   0.0
     22.2  36.3  38.3  29.2
      1.3   3.4   6.4   6.7
     15.5  17.1  12.7   5.8

[02] 1762855565.972605328.jpg -> 1762855566.021016281.jpg
  MAD=17.482  SSIM=0.5626  hist_corr=0.9968  edge_change_ratio=0.9247
  %changed_px: t=15:27.00%, t=25:19.35%, t=40:12.96%
  change centroid (x,y, normalized 0-1)=(0.438,0.450)  spread=(0.274,0.251)
  grid % changed (threshold=25):
     31.5  15.7   2.5   0.0
     42.4  46.9  45.1  37.2
      5.6   4.2   6.9   7.5
     22.9  21.4  13.7   5.8

[03] 1762855566.021016281.jpg -> 1762855566.073298770.jpg
  MAD=16.299  SSIM=0.5705  hist_corr=0.9969  edge_change_ratio=0.9121
  %changed_px: t=15:25.02%, t=25:17.89%, t=40:11.99%
  change centroid (x,y, normalized 0-1)=(0.424,0.449)  spread=(0.270,0.252)
  grid % changed (threshold=25):
     31.9  15.4   3.2   0.1
     42.5  43.8  39.9  29.5
      5.1   3.7   6.8   7.0
     18.7  20.6  12.8   5.3

[04] 1762855566.073298770.jpg -> 1762855566.124771408.jpg
  MAD=7.304  SSIM=0.7239  hist_corr=0.9990  edge_change_ratio=0.8401
  %changed_px: t=15:12.25%, t=25:6.97%, t=40:3.76%
  change centroid (x,y, normalized 0-1)=(0.496,0.553)  spread=(0.266,0.265)
  grid % changed (threshold=25):
      3.1   4.9   1.0   0.0
     11.3  17.2  16.8  13.2
      0.3   1.8   4.9   5.1
      6.0  13.0   9.2   3.7

[05] 1762855566.124771408.jpg -> 1762855566.173263736.jpg
  MAD=11.048  SSIM=0.6394  hist_corr=0.9990  edge_change_ratio=0.8659
  %changed_px: t=15:17.42%, t=25:11.40%, t=40:7.32%
  change centroid (x,y, normalized 0-1)=(0.398,0.442)  spread=(0.262,0.265)
  grid % changed (threshold=25):
     28.1  14.5   2.1   0.1
     26.1  32.2  21.7  16.1
      1.2   3.3   2.5   2.5
      8.8  15.4   5.3   2.5

[06] 1762855566.173263736.jpg -> 1762855566.224694374.jpg
  MAD=12.103  SSIM=0.5871  hist_corr=0.9987  edge_change_ratio=0.8889
  %changed_px: t=15:19.47%, t=25:12.77%, t=40:8.19%
  change centroid (x,y, normalized 0-1)=(0.435,0.450)  spread=(0.268,0.262)
  grid % changed (threshold=25):
     26.9  15.9   2.4   0.1
     24.0  31.2  29.7  21.5
      1.7   3.5   5.1   6.4
      8.3  15.2   9.2   3.3

[07] 1762855566.224694374.jpg -> 1762855566.272455769.jpg
  MAD=12.345  SSIM=0.5884  hist_corr=0.9986  edge_change_ratio=0.8903
  %changed_px: t=15:19.69%, t=25:12.90%, t=40:8.27%
  change centroid (x,y, normalized 0-1)=(0.478,0.460)  spread=(0.268,0.259)
  grid % changed (threshold=25):
     19.2  15.9   2.8   0.2
     21.0  31.0  33.5  27.7
      1.6   2.1   6.4   7.0
      6.4  14.2  11.6   5.6

[08] 1762855566.272455769.jpg -> 1762855566.324585838.jpg
  MAD=13.799  SSIM=0.5808  hist_corr=0.9987  edge_change_ratio=0.9043
  %changed_px: t=15:22.07%, t=25:14.91%, t=40:9.61%
  change centroid (x,y, normalized 0-1)=(0.469,0.464)  spread=(0.271,0.256)
  grid % changed (threshold=25):
     18.9  15.4   4.5   0.6
     28.4  35.1  35.9  30.6
      4.1   3.4   6.5   7.2
     10.5  18.2  13.1   5.9

======================================================================
AGGREGATE SUMMARY (9 consecutive-pair transitions)
======================================================================
MAD:  mean=13.096  min=7.304  max=17.482  std=2.816
SSIM: mean=0.6068  min=0.5626  max=0.7239  std=0.0465
hist_corr: mean=0.9951  min=0.9705  max=0.9990
edge_change_ratio: mean=0.8926  min=0.8401  max=0.9247
%changed_px (t=15): mean=20.69%  min=12.25%  max=27.00%
%changed_px (t=25): mean=14.00%  min=6.97%  max=19.35%
%changed_px (t=40): mean=9.08%  min=3.76%  max=12.96%

======================================================================
SKIPPABLE-FRAME ESTIMATE under different %changed_px thresholds
(a transition is 'potentially skippable' if %changed_px, at t=25, is
 BELOW the skip-threshold below — i.e. the next frame looks similar
 enough to the previous one that it might not need a full new
 inference. This is a rough estimate from pixel-level redundancy
 only — NOT a validation of map quality, NOT accounting for what
 LingBot-Map's KV cache / streaming mode already does internally.)
======================================================================
  skip-threshold=%changed_px<1%: 0/9 transitions (0.0%) potentially skippable
  skip-threshold=%changed_px<2%: 0/9 transitions (0.0%) potentially skippable
  skip-threshold=%changed_px<5%: 0/9 transitions (0.0%) potentially skippable
  skip-threshold=%changed_px<10%: 1/9 transitions (11.1%) potentially skippable
  skip-threshold=%changed_px<20%: 9/9 transitions (100.0%) potentially skippable
  skip-threshold=%changed_px<30%: 9/9 transitions (100.0%) potentially skippable

DONE - analyze_frame_redundancy complete.
